node.exe : npm notice run tutor-platform@0.1.0 build
строка:1 знак:1
+ & "C:\Program Files\nodejs/node.exe" "C:\Users\user\AppData\Roaming\n ...
+ ~~~~~~~~~~~~~~~~~~~~~~~~~~~~~~~~~~~~~~~~~~~~~~~~~~~~~~~~~~~~~~~~~~~~~
    + CategoryInfo          : NotSpecified: (npm notice run ...orm@0.1.0 build:String) [], RemoteException
    + FullyQualifiedErrorId : NativeCommandError
 
npm notice run next build
  тЦ▓ Next.js 14.2.21
  - Environments: .env.local

   Creating an optimized production build ...
 тЬУ Compiled successfully
   Skipping validation of types
   Skipping linting
   Collecting page data ...
   Generating static pages (0/44) ...
   Generating static pages (11/44) 
   Generating static pages (20/44) 
   Generating static pages (22/44) 
   Generating static pages (29/44) 
   Generating static pages (33/44) 
 тЬУ Generating static pages (44/44)
   Finalizing page optimization ...
   Collecting build traces ...

Route (app)                              Size     First Load JS
тФМ тЧЛ /                                    6.92 kB         255 kB
тФЬ тЧЛ /_not-found                          880 B          88.2 kB
тФЬ тЧЛ /ai-generator                        7.43 kB         256 kB
тФЬ ╞Т /api/generate-task                   0 B                0 B
тФЬ ╞Т /api/save-subscription               0 B                0 B
тФЬ ╞Т /api/send-push                       0 B                0 B
тФЬ тЧЛ /applications                        2.56 kB         251 kB
тФЬ тЧЛ /auth/login                          2.38 kB         276 kB
тФЬ тЧЛ /auth/register                       2.28 kB         276 kB
тФЬ ╞Т /auth/signout                        0 B                0 B
тФЬ тЧЛ /chat                                5.71 kB         247 kB
тФЬ тЧЛ /courses                             17.1 kB         334 kB
тФЬ ╞Т /courses/[id]                        15.4 kB         332 kB
тФЬ тЧЛ /daily                               2.79 kB         251 kB
тФЬ тЧЛ /dashboard                           14.4 kB         331 kB
тФЬ тЧЛ /exam-trials                         15.1 kB         332 kB
тФЬ тЧЛ /homeworks                           23.2 kB         348 kB
тФЬ ╞Т /homeworks/[id]                      20.8 kB         335 kB
тФЬ тЧЛ /leaderboard                         3.93 kB         240 kB
тФЬ тЧЛ /library                             20.7 kB         302 kB
тФЬ тЧЛ /login                               1.89 kB         263 kB
тФЬ тЧЛ /manifest.webmanifest                0 B                0 B
тФЬ тЧЛ /parent-dashboard                    5.77 kB         258 kB
тФЬ тЧЛ /parent-homeworks                    3.56 kB         240 kB
тФЬ тЧЛ /parent-reports                      3.13 kB         240 kB
тФЬ ╞Т /parent-shared/[token]               6.75 kB         355 kB
тФЬ тЧЛ /payments                            15.5 kB         371 kB
тФЬ тЧЛ /periodic-table                      7.47 kB         102 kB
тФЬ тЧЛ /pricing                             6.46 kB         250 kB
тФЬ тЧЛ /profile                             5.23 kB         254 kB
тФЬ тЧЛ /progress                            17.1 kB         352 kB
тФЬ тЧЛ /schedule                            14.5 kB         331 kB
тФЬ тЧЛ /settings                            9.11 kB         251 kB
тФЬ тЧЛ /students                            8.64 kB         387 kB
тФЬ тЧЛ /trainers                            4.15 kB         248 kB
тФЬ тЧЛ /trainers/calc                       5.34 kB         257 kB
тФЬ тЧЛ /trainers/chains                     5.45 kB         257 kB
тФЬ тЧЛ /trainers/inorganic                  6.54 kB         258 kB
тФЬ тЧЛ /trainers/ionic                      4.53 kB         256 kB
тФЬ тЧЛ /trainers/nomenclature               5.42 kB         257 kB
тФЬ тЧЛ /trainers/qualitative                5.38 kB         257 kB
тФЬ тЧЛ /trainers/reactions_types            5.05 kB         257 kB
тФЬ тЧЛ /trainers/redox                      7.62 kB         259 kB
тФЬ тЧЛ /trainers/trivial_names              5.42 kB         257 kB
тФФ тЧЛ /users                               6.8 kB          255 kB
+ First Load JS shared by all            87.4 kB
  тФЬ chunks/2117-5a828551f113bfb8.js      31.8 kB
  тФЬ chunks/fd9d1056-08c28c1f39be9001.js  53.6 kB
  тФФ other shared chunks (total)          1.97 kB


тЧЛ  (Static)   prerendered as static content
╞Т  (Dynamic)  server-rendered on demand

